[
    {"filename": "/function-info-llvm/test/simple.cc", "name": "foo(int*)", "type": "i32* -> void", "start_line": 3, "end_line": 5},
    {"filename": "/function-info-llvm/test/simple.cc", "name": "goo(int, int)", "type": "i32 -> i32 -> i32", "start_line": 8, "end_line": 9},
    {"filename": "/function-info-llvm/test/simple.cc", "name": "main", "type": "i32", "start_line": 14, "end_line": 23},
]
